// Jest Snapshot v1, https://goo.gl/fbAQLP

exports[`matches CreatActivity snapshot 1`] = `
Array [
  <div
    className="create-activity"
    data-testid="appCreateActivity"
  >
    <div
      className=" col-md-3 p-3  bg-secondary"
    >
      <h3>
        Create Activity
      </h3>
      <form
        onSubmit={[Function]}
      >
        <input
          className="form-control mb-2"
          onChange={[Function]}
          placeholder="Enter Title"
          type="text"
          value=""
        />
        <br />
        <input
          className="form-control"
          onChange={[Function]}
          placeholder="Enter Total"
          type="number"
          value=""
        />
        <br />
        <input
          onChange={[Function]}
          type="file"
        />
        <br />
        <button
          className="btn btn-success mt-1"
          type="submit"
        >
          Create
        </button>
      </form>
    </div>
    <footer
      className="footer mt-auto w-100 button-footer d-flex align-items-center"
    >
      <a
        className="btn btn-lg w-25 h-100 d-flex flex-column align-items-center py-1 px-0 justify-content-between footer-btn"
        href="/activities"
        onClick={[Function]}
        role="button"
      >
        <img
          alt="add-stack"
          className="footer-img"
          src="home.png"
        />
        <p
          className="mb-0"
        >
          Home
        </p>
      </a>
      <a
        className="btn btn-lg w-25 h-100 d-flex flex-column align-items-center py-1 px-0 justify-content-between footer-btn"
        href="/create-activity"
        onClick={[Function]}
        role="button"
      >
        <img
          alt="add-stack"
          className="footer-img"
          src="add-stack.png"
        />
        <p
          className="mb-0"
        >
          Create Activity
        </p>
      </a>
      <a
        className="btn btn-lg w-25 h-100 d-flex flex-column align-items-center py-1 px-0 justify-content-between footer-btn"
        href="/information"
        onClick={[Function]}
        role="button"
      >
        <img
          alt="add-stack"
          className="footer-img"
          src="progress.png"
        />
        <p
          className="mb-0"
        >
          Information
        </p>
      </a>
      <a
        className="btn btn-lg w-25 h-100 d-flex flex-column align-items-center py-1 px-0 justify-content-between footer-btn"
        href="/activities"
        onClick={[Function]}
        role="button"
      >
        <img
          alt="add-stack"
          className="footer-img"
          src="track-it.png"
        />
        <p
          className="mb-0"
        >
          More
        </p>
      </a>
    </footer>
  </div>,
  ",",
]
`;
