// Jest Snapshot v1, https://goo.gl/fbAQLP

exports[`matches Information snapshot 1`] = `
<div
  data-testid="appInformation"
>
  <div
    className="information-section"
  >
    <div
      className="copyright p-2 mb-3 d-flex "
    >
      <h5
        className="mx-auto"
      >
         Copyright © 2020 by Nanyonjo Irene 
      </h5>
    </div>
    <div
      className="p-2 text-center text-secondary copyright"
    >
      All rights reserved. No part of this publication may be reproduced, distributed, or transmitted in any form or by any means, including photocopying, recording, or other electronic or mechanical methods, without the prior written permission of the developer , except in the case of brief quotations embodied in critical reviews and certain other noncommercial uses permitted by copyright law.
    </div>
    <div
      className="copyright text-center p-4 text-secondary"
    >
      For permission requests, write to the Software developer, addressed “Attention: Permissions Coordinator,” at the address below.
      <p>
        mbabaliiryn@gmail.com
      </p>
    </div>
  </div>
  <footer
    className="footer mt-auto w-100 button-footer d-flex align-items-center"
    data-testid="appFooter"
  >
    <a
      className="btn btn-lg w-25 h-100 d-flex flex-column align-items-center py-1 px-0 justify-content-between footer-btn"
      href="/activities"
      onClick={[Function]}
      role="button"
    >
      <img
        alt="add-stack"
        className="footer-img"
        src="home.png"
      />
      <p
        className="mb-0"
      >
        Home
      </p>
    </a>
    <a
      className="btn btn-lg w-25 h-100 d-flex flex-column align-items-center py-1 px-0 justify-content-between footer-btn"
      href="/create-activity"
      onClick={[Function]}
      role="button"
    >
      <img
        alt="add-stack"
        className="footer-img"
        src="add-stack.png"
      />
      <p
        className="mb-0"
      >
        Create Activity
      </p>
    </a>
    <a
      className="btn btn-lg w-25 h-100 d-flex flex-column align-items-center py-1 px-0 justify-content-between footer-btn"
      href="/information"
      onClick={[Function]}
      role="button"
    >
      <img
        alt="add-stack"
        className="footer-img"
        src="progress.png"
      />
      <p
        className="mb-0"
      >
        Information
      </p>
    </a>
    <a
      className="btn btn-lg w-25 h-100 d-flex flex-column align-items-center py-1 px-0 justify-content-between footer-btn"
      href="/activities"
      onClick={[Function]}
      role="button"
    >
      <img
        alt="add-stack"
        className="footer-img"
        src="track-it.png"
      />
      <p
        className="mb-0"
      >
        More
      </p>
    </a>
  </footer>
</div>
`;
